// Jest Snapshot v1, https://goo.gl/fbAQLP

exports[`Test Page data access Get endpoint 1`] = `"wp/v2/pages"`;
