// Jest Snapshot v1, https://goo.gl/fbAQLP

exports[`Test Settings data access Get endpoint 1`] = `"graphql/v1/settings"`;

exports[`Test Settings data access Load settings 1`] = `"U2V0dGluZ3M6bWU="`;

exports[`Test Settings data access Load settings 2`] = `
Settings {
  "slug": "graphql/v1/settings",
}
`;
