// Jest Snapshot v1, https://goo.gl/fbAQLP

exports[`Test Sidebar type Test fields 1`] = `
Array [
  "id",
  "name",
  "description",
  "classname",
  "before_widget",
  "after_widget",
  "before_title",
  "after_title",
  "widgets",
]
`;

exports[`Test Sidebar type Test name 1`] = `"Sidebar"`;
