// Jest Snapshot v1, https://goo.gl/fbAQLP

exports[`Test Media queries GraphQL should return a media by ID 1`] = `
Object {
  "data": Object {
    "viewer": Object {
      "media": Object {
        "media_details": Object {
          "sizes": Array [
            Object {
              "name": "thumbnail",
              "source_url": "https://scott.com/image.jpg",
            },
            Object {
              "name": "thumbnail",
              "source_url": "https://scott.com/image.jpg",
            },
          ],
        },
        "post": "UG9zdDoyNzIz",
        "source_url": "https://scott.com/image.jpg",
      },
    },
  },
}
`;

exports[`Test Media queries GraphQL should return a media by slug 1`] = `
Object {
  "data": Object {
    "viewer": Object {
      "media": Object {
        "media_details": Object {
          "sizes": Array [
            Object {
              "name": "thumbnail",
              "source_url": "https://scott.com/image.jpg",
            },
            Object {
              "name": "thumbnail",
              "source_url": "https://scott.com/image.jpg",
            },
          ],
        },
        "post": "UG9zdDoyNzIz",
        "source_url": "https://scott.com/image.jpg",
      },
    },
  },
}
`;
