// Jest Snapshot v1, https://goo.gl/fbAQLP

exports[`Test schema type field definition Test comment_status field 1`] = `"COMMENT_STATUS"`;

exports[`Test schema type field definition Test ping_status field 1`] = `"PING_STATUS"`;
